\BOOKMARK [0][-]{chapter.1}{\376\377\000P\000o\000i\000n\000t\000e\000r\000\040\000B\000a\000s\000i\000c\000s}{}% 1
\BOOKMARK [1][-]{section.1.1}{\376\377\000W\000h\000a\000t\000\040\000i\000s\000\040\000a\000\040\000p\000o\000i\000n\000t\000e\000r\000?}{chapter.1}% 2
\BOOKMARK [1][-]{section.1.2}{\376\377\000P\000o\000i\000n\000t\000e\000r\000\040\000v\000a\000r\000i\000a\000b\000l\000e\000s}{chapter.1}% 3
\BOOKMARK [1][-]{section.1.3}{\376\377\000I\000n\000d\000i\000r\000e\000c\000t\000i\000o\000n}{chapter.1}% 4
\BOOKMARK [0][-]{chapter.2}{\376\377\000A\000d\000d\000r\000e\000s\000s\000e\000s\000\040\000a\000n\000d\000\040\000i\000n\000d\000i\000r\000e\000c\000t\000i\000o\000n}{}% 5
\BOOKMARK [1][-]{section.2.1}{\376\377\000W\000h\000a\000t\000\040\000i\000s\000\040\000t\000h\000e\000\040\000r\000e\000l\000a\000t\000i\000o\000n\000s\000h\000i\000p\000\040\000b\000e\000t\000w\000e\000e\000n\000\040\000a\000\040\000p\000o\000i\000n\000t\000e\000r\000\040\000a\000n\000d\000\040\000a\000n\000\040\000a\000r\000r\000a\000y\000\040\000\050\000o\000r\000\040\000s\000t\000r\000i\000n\000g\000\051\000?}{chapter.2}% 6
\BOOKMARK [2][-]{subsection.2.1.1}{\376\377\000C\000\040\000s\000t\000r\000i\000n\000g\000s}{section.2.1}% 7
\BOOKMARK [2][-]{subsection.2.1.2}{\376\377\000C\000o\000n\000t\000i\000n\000u\000a\000t\000i\000o\000n}{section.2.1}% 8
\BOOKMARK [1][-]{section.2.2}{\376\377\000A\000r\000r\000a\000y\000s\000,\000\040\000a\000d\000d\000r\000e\000s\000s\000e\000s\000,\000\040\000a\000n\000d\000\040\000p\000o\000i\000n\000t\000e\000r\000s}{chapter.2}% 9
\BOOKMARK [1][-]{section.2.3}{\376\377\000M\000u\000l\000t\000i\000p\000l\000e\000\040\000i\000n\000d\000i\000r\000e\000c\000t\000i\000o\000n}{chapter.2}% 10
\BOOKMARK [1][-]{section.2.4}{\376\377\000M\000u\000l\000t\000i\000p\000l\000e\000\040\000i\000n\000d\000i\000r\000e\000c\000t\000i\000o\000n\000\040\000w\000i\000t\000h\000\040\000i\000n\000t\000e\000g\000e\000r\000s}{chapter.2}% 11
\BOOKMARK [1][-]{section.2.5}{\376\377\000M\000u\000l\000t\000i\000p\000l\000e\000\040\000i\000n\000d\000i\000r\000e\000c\000t\000i\000o\000n\000\040\000w\000i\000t\000h\000\040\000s\000t\000r\000i\000n\000g\000s}{chapter.2}% 12
\BOOKMARK [1][-]{section.2.6}{\376\377\000I\000n\000d\000i\000r\000e\000c\000t\000i\000o\000n\000\040\000a\000n\000d\000\040\000c\000o\000m\000m\000a\000n\000d\000l\000i\000n\000e\000\040\000a\000r\000g\000s}{chapter.2}% 13
\BOOKMARK [1][-]{section.2.7}{\376\377\000G\000e\000n\000e\000r\000i\000c\000\040\000p\000o\000i\000n\000t\000e\000r\000s}{chapter.2}% 14
\BOOKMARK [2][-]{subsection.2.7.1}{\376\377\000E\000x\000a\000m\000p\000l\000e}{section.2.7}% 15
\BOOKMARK [1][-]{section.2.8}{\376\377\000A\000l\000l\000o\000c\000a\000t\000i\000n\000g\000\040\000m\000e\000m\000o\000r\000y}{chapter.2}% 16
\BOOKMARK [2][-]{subsection.2.8.1}{\376\377\000E\000x\000a\000m\000p\000l\000e}{section.2.8}% 17
\BOOKMARK [2][-]{subsection.2.8.2}{\376\377\000C\000o\000n\000c\000l\000u\000t\000i\000o\000n\000s}{section.2.8}% 18
\BOOKMARK [1][-]{section.2.9}{\376\377\000M\000a\000l\000l\000o\000c\000\040\000a\000n\000d\000\040\000s\000i\000z\000e\000o\000f}{chapter.2}% 19
\BOOKMARK [1][-]{section.2.10}{\376\377\000F\000u\000n\000c\000t\000i\000o\000n\000s\000\040\000t\000h\000a\000t\000\040\000c\000a\000u\000s\000e\000\040\000e\000r\000r\000o\000r\000s\000\040\000o\000r\000\040\000w\000a\000r\000n\000i\000n\000g\000s}{chapter.2}% 20
\BOOKMARK [1][-]{section.2.11}{\376\377\000c\000a\000l\000l\000o\000c}{chapter.2}% 21
\BOOKMARK [2][-]{subsection.2.11.1}{\376\377\000P\000a\000r\000a\000m\000e\000t\000e\000r\000\040\000d\000i\000f\000f\000e\000r\000e\000n\000c\000e\000s\000\040\000b\000e\000t\000w\000e\000e\000n\000\040\000c\000a\000l\000l\000o\000c\000\040\000a\000n\000d\000\040\000m\000a\000l\000l\000o\000c}{section.2.11}% 22
\BOOKMARK [2][-]{subsection.2.11.2}{\376\377\000N\000u\000l\000l\000\040\000p\000o\000i\000n\000t\000e\000r\000s}{section.2.11}% 23
\BOOKMARK [1][-]{section.2.12}{\376\377\000f\000r\000e\000e}{chapter.2}% 24
\BOOKMARK [1][-]{section.2.13}{\376\377\000r\000e\000a\000l\000l\000o\000c}{chapter.2}% 25
\BOOKMARK [1][-]{section.2.14}{\376\377\000P\000o\000i\000n\000t\000e\000r\000\040\000a\000r\000i\000t\000h\000m\000e\000t\000i\000c}{chapter.2}% 26
\BOOKMARK [1][-]{section.2.15}{\376\377\000C\000a\000l\000c\000u\000l\000a\000t\000i\000n\000g\000\040\000a\000n\000\040\000a\000r\000r\000a\000y\000\040\000i\000n\000d\000e\000x}{chapter.2}% 27
\BOOKMARK [1][-]{section.2.16}{\376\377\000P\000o\000i\000n\000t\000e\000r\000s\000\040\000t\000o\000\040\000s\000t\000r\000u\000c\000t\000s}{chapter.2}% 28
\BOOKMARK [1][-]{section.2.17}{\376\377\000D\000a\000t\000a\000\040\000t\000y\000p\000e\000\040\000a\000l\000i\000g\000n\000m\000e\000n\000t}{chapter.2}% 29
\BOOKMARK [1][-]{section.2.18}{\376\377\000T\000y\000p\000e\000\040\000a\000l\000i\000g\000n\000m\000e\000n\000t\000\040\000o\000n\000\040\000b\000o\000u\000n\000d\000a\000r\000i\000e\000s}{chapter.2}% 30
\BOOKMARK [1][-]{section.2.19}{\376\377\000T\000y\000p\000e\000\040\000a\000l\000i\000g\000n\000m\000e\000n\000t\000\040\000a\000n\000d\000\040\000p\000o\000i\000n\000t\000e\000r\000\040\000a\000r\000i\000t\000h\000m\000e\000t\000i\000c}{chapter.2}% 31
