\BOOKMARK [0][-]{chapter.1}{Installation and setup}{}% 1
\BOOKMARK [1][-]{section.1.1}{Installing C++ Compiler for windows}{chapter.1}% 2
\BOOKMARK [1][-]{section.1.2}{VSCode Project Setting Up}{chapter.1}% 3
\BOOKMARK [0][-]{chapter.2}{Operator overloading}{}% 4
\BOOKMARK [1][-]{section.2.1}{Section overview}{chapter.2}% 5
\BOOKMARK [1][-]{section.2.2}{What is operator overloading?}{chapter.2}% 6
\BOOKMARK [2][-]{subsection.2.2.1}{Example}{section.2.2}% 7
\BOOKMARK [2][-]{subsection.2.2.2}{What operators can be overloaded?}{section.2.2}% 8
\BOOKMARK [2][-]{subsection.2.2.3}{Some basic rules}{section.2.2}% 9
\BOOKMARK [2][-]{subsection.2.2.4}{Examples}{section.2.2}% 10
\BOOKMARK [2][-]{subsection.2.2.5}{The class we will be using through out this section}{section.2.2}% 11
\BOOKMARK [1][-]{section.2.3}{Overloading the assignment operator}{chapter.2}% 12
\BOOKMARK [2][-]{subsection.2.3.1}{Overloading the copy assignment operator \(deep copy\)}{section.2.3}% 13
\BOOKMARK [2][-]{subsection.2.3.2}{Example}{section.2.3}% 14
\BOOKMARK [1][-]{section.2.4}{Overloading the move assignment operator}{chapter.2}% 15
\BOOKMARK [2][-]{subsection.2.4.1}{Overloading the move assignment operator}{section.2.4}% 16
\BOOKMARK [2][-]{subsection.2.4.2}{Overloading the move assignment operator - steps}{section.2.4}% 17
\BOOKMARK [2][-]{subsection.2.4.3}{Example}{section.2.4}% 18
\BOOKMARK [1][-]{section.2.5}{Overloading operators as member functions}{chapter.2}% 19
\BOOKMARK [2][-]{subsection.2.5.1}{Unary operands}{section.2.5}% 20
\BOOKMARK [2][-]{subsection.2.5.2}{Binary operators as member methods}{section.2.5}% 21
\BOOKMARK [2][-]{subsection.2.5.3}{The complete code would look like this}{section.2.5}% 22
\BOOKMARK [1][-]{section.2.6}{Overloading operators as Global functions}{chapter.2}% 23
\BOOKMARK [2][-]{subsection.2.6.1}{Binary operators as global functions}{section.2.6}% 24
\BOOKMARK [2][-]{subsection.2.6.2}{Declaring friends of a class}{section.2.6}% 25
\BOOKMARK [2][-]{subsection.2.6.3}{Example}{section.2.6}% 26
\BOOKMARK [1][-]{section.2.7}{Overloading the stream insertion and extraction operators}{chapter.2}% 27
\BOOKMARK [0][-]{chapter.3}{Inheritance}{}% 28
