\BOOKMARK [0][-]{chapter.1}{\376\377\000I\000n\000t\000r\000o\000d\000u\000c\000t\000i\000o\000n}{}% 1
\BOOKMARK [1][-]{section.1.1}{\376\377\000W\000h\000y\000\040\000l\000e\000a\000r\000n\000\040\000C\000+\000+\000?}{chapter.1}% 2
\BOOKMARK [1][-]{section.1.2}{\376\377\000M\000o\000d\000e\000r\000n\000\040\000C\000+\000+\000\040\000a\000n\000d\000\040\000t\000h\000e\000\040\000C\000+\000+\000\040\000s\000t\000a\000n\000d\000a\000r\000d}{chapter.1}% 3
\BOOKMARK [2][-]{subsection.1.2.1}{\376\377\000M\000o\000d\000e\000r\000n\000\040\000C\000+\000+\000\040\000a\000n\000d\000\040\000C\000+\000+\000\040\000S\000t\000a\000n\000d\000a\000r\000d}{section.1.2}% 4
\BOOKMARK [1][-]{section.1.3}{\376\377\000H\000o\000w\000\040\000d\000o\000e\000s\000\040\000i\000t\000\040\000a\000l\000l\000\040\000w\000o\000r\000k\000?}{chapter.1}% 5
\BOOKMARK [2][-]{subsection.1.3.1}{\376\377\000T\000h\000e\000\040\000C\000+\000+\000\040\000b\000u\000i\000l\000d\000\040\000p\000r\000o\000c\000e\000s\000s}{section.1.3}% 6
\BOOKMARK [2][-]{subsection.1.3.2}{\376\377\000I\000n\000t\000e\000g\000r\000a\000t\000e\000d\000\040\000D\000e\000v\000e\000l\000o\000p\000m\000e\000n\000t\000\040\000E\000n\000v\000i\000r\000o\000n\000m\000e\000n\000t\000s\000\040\000\050\000I\000D\000E\000s\000\051}{section.1.3}% 7
\BOOKMARK [0][-]{chapter.2}{\376\377\000I\000n\000s\000t\000a\000l\000l\000a\000t\000i\000o\000n\000\040\000a\000n\000d\000\040\000s\000e\000t\000u\000p}{}% 8
\BOOKMARK [1][-]{section.2.1}{\376\377\000I\000n\000s\000t\000a\000l\000l\000i\000n\000g\000\040\000C\000+\000+\000\040\000C\000o\000m\000p\000i\000l\000e\000r\000\040\000f\000o\000r\000\040\000w\000i\000n\000d\000o\000w\000s}{chapter.2}% 9
\BOOKMARK [1][-]{section.2.2}{\376\377\000V\000S\000C\000o\000d\000e\000\040\000P\000r\000o\000j\000e\000c\000t\000\040\000S\000e\000t\000t\000i\000n\000g\000\040\000U\000p}{chapter.2}% 10
\BOOKMARK [0][-]{chapter.3}{\376\377\000C\000u\000r\000r\000i\000c\000u\000l\000u\000m\000\040\000O\000v\000e\000r\000v\000i\000e\000w}{}% 11
\BOOKMARK [1][-]{section.3.1}{\376\377\000C\000u\000r\000r\000i\000c\000u\000l\000u\000m\000\040\000o\000v\000e\000r\000v\000i\000e\000w}{chapter.3}% 12
\BOOKMARK [0][-]{chapter.4}{\376\377\000G\000e\000t\000t\000i\000n\000g\000\040\000S\000t\000a\000r\000t\000e\000d}{}% 13
\BOOKMARK [1][-]{section.4.1}{\376\377\000W\000r\000i\000t\000t\000i\000n\000g\000\040\000o\000u\000r\000\040\000f\000i\000r\000s\000t\000\040\000p\000r\000o\000g\000r\000a\000m}{chapter.4}% 14
\BOOKMARK [1][-]{section.4.2}{\376\377\000B\000u\000i\000l\000d\000i\000n\000g\000\040\000o\000u\000r\000\040\000f\000i\000r\000s\000t\000\040\000p\000r\000o\000g\000r\000a\000m}{chapter.4}% 15
\BOOKMARK [1][-]{section.4.3}{\376\377\000W\000h\000a\000t\000\040\000a\000r\000e\000\040\000c\000o\000m\000p\000i\000l\000e\000r\000\040\000e\000r\000r\000o\000r\000s\000?}{chapter.4}% 16
\BOOKMARK [2][-]{subsection.4.3.1}{\376\377\000E\000x\000a\000m\000p\000l\000e\000s\000\040\000o\000f\000\040\000e\000r\000r\000o\000r\000s}{section.4.3}% 17
\BOOKMARK [1][-]{section.4.4}{\376\377\000W\000h\000a\000t\000\040\000a\000r\000e\000\040\000c\000o\000m\000p\000i\000l\000e\000r\000\040\000w\000a\000r\000n\000i\000n\000g\000s\000?}{chapter.4}% 18
\BOOKMARK [1][-]{section.4.5}{\376\377\000L\000i\000n\000k\000e\000d\000\040\000e\000r\000r\000o\000r\000s}{chapter.4}% 19
\BOOKMARK [2][-]{subsection.4.5.1}{\376\377\000E\000x\000a\000m\000p\000l\000e}{section.4.5}% 20
\BOOKMARK [1][-]{section.4.6}{\376\377\000R\000u\000n\000t\000i\000m\000e\000\040\000E\000r\000r\000o\000r\000s}{chapter.4}% 21
\BOOKMARK [1][-]{section.4.7}{\376\377\000W\000h\000a\000t\000\040\000a\000r\000e\000\040\000l\000o\000g\000i\000c\000\040\000e\000r\000r\000o\000r\000s\000?}{chapter.4}% 22
\BOOKMARK [1][-]{section.4.8}{\376\377\000S\000e\000c\000t\000i\000o\000n\000\040\000c\000h\000a\000l\000l\000e\000n\000g\000e\000\040\000s\000o\000l\000u\000t\000i\000o\000n}{chapter.4}% 23
\BOOKMARK [0][-]{chapter.5}{\376\377\000S\000t\000r\000u\000c\000t\000u\000r\000e\000\040\000o\000f\000\040\000a\000\040\000C\000+\000+\000\040\000p\000r\000o\000g\000r\000a\000m}{}% 24
\BOOKMARK [1][-]{section.5.1}{\376\377\000O\000v\000e\000r\000v\000i\000e\000w\000\040\000o\000f\000\040\000s\000t\000r\000u\000c\000t\000u\000r\000e\000\040\000o\000f\000\040\000a\000\040\000C\000+\000+\000\040\000p\000r\000o\000g\000r\000a\000m}{chapter.5}% 25
\BOOKMARK [1][-]{section.5.2}{\376\377\000\043\000i\000n\000c\000l\000u\000d\000e\000\040\000P\000r\000e\000p\000r\000o\000c\000e\000s\000s\000o\000r\000\040\000d\000i\000r\000e\000c\000t\000i\000v\000e}{chapter.5}% 26
\BOOKMARK [1][-]{section.5.3}{\376\377\000C\000o\000m\000m\000e\000n\000t\000s\000\040\000i\000n\000\040\000C\000+\000+}{chapter.5}% 27
\BOOKMARK [1][-]{section.5.4}{\376\377\000T\000h\000e\000\040\000m\000a\000i\000n\000\050\000\051\000\040\000f\000u\000n\000c\000t\000i\000o\000n}{chapter.5}% 28
\BOOKMARK [1][-]{section.5.5}{\376\377\000N\000a\000m\000e\000s\000p\000a\000c\000e\000s}{chapter.5}% 29
\BOOKMARK [1][-]{section.5.6}{\376\377\000B\000a\000s\000i\000c\000\040\000i\000n\000p\000u\000t\000\040\000a\000n\000d\000\040\000o\000u\000t\000p\000u\000t\000\040}{chapter.5}% 30
\BOOKMARK [2][-]{subsection.5.6.1}{\376\377\000<\000<\000\040\000w\000i\000t\000h\000\040\000c\000o\000u\000t}{section.5.6}% 31
\BOOKMARK [2][-]{subsection.5.6.2}{\376\377\000>\000>\000\040\000w\000i\000t\000h\000\040\000c\000i\000n}{section.5.6}% 32
\BOOKMARK [0][-]{chapter.6}{\376\377\000V\000a\000r\000i\000a\000b\000l\000e\000s\000\040\000a\000n\000d\000\040\000c\000o\000n\000s\000t\000a\000n\000t\000s}{}% 33
\BOOKMARK [1][-]{section.6.1}{\376\377\000W\000h\000a\000t\000\040\000i\000s\000\040\000a\000\040\000v\000a\000r\000i\000a\000b\000l\000e\000?}{chapter.6}% 34
\BOOKMARK [1][-]{section.6.2}{\376\377\000D\000e\000c\000l\000a\000r\000i\000n\000g\000\040\000a\000n\000d\000\040\000i\000n\000i\000t\000i\000a\000l\000i\000z\000i\000n\000g\000\040\000v\000a\000r\000i\000a\000b\000l\000e\000s}{chapter.6}% 35
\BOOKMARK [2][-]{subsection.6.2.1}{\376\377\000N\000a\000m\000i\000n\000g\000\040\000r\000u\000l\000e\000s\000\040\000a\000n\000d\000\040\000c\000o\000n\000v\000e\000n\000t\000i\000o\000n\000s}{section.6.2}% 36
\BOOKMARK [2][-]{subsection.6.2.2}{\376\377\000D\000e\000c\000l\000a\000r\000i\000n\000g\000\040\000a\000n\000d\000\040\000i\000n\000i\000t\000i\000a\000l\000i\000z\000i\000n\000g}{section.6.2}% 37
\BOOKMARK [2][-]{subsection.6.2.3}{\376\377\000E\000x\000a\000m\000p\000l\000e}{section.6.2}% 38
\BOOKMARK [1][-]{section.6.3}{\376\377\000G\000l\000o\000b\000a\000l\000\040\000v\000a\000r\000i\000a\000b\000l\000e\000s}{chapter.6}% 39
\BOOKMARK [1][-]{section.6.4}{\376\377\000C\000+\000+\000\040\000B\000u\000i\000l\000t\000-\000i\000n\000\040\000P\000r\000i\000m\000i\000t\000i\000v\000e\000\040\000T\000y\000p\000e\000s}{chapter.6}% 40
\BOOKMARK [2][-]{subsection.6.4.1}{\376\377\000T\000y\000p\000e\000\040\000s\000i\000z\000e\000s}{section.6.4}% 41
\BOOKMARK [2][-]{subsection.6.4.2}{\376\377\000C\000h\000a\000r\000a\000c\000t\000e\000r\000\040\000t\000y\000p\000e\000s}{section.6.4}% 42
\BOOKMARK [2][-]{subsection.6.4.3}{\376\377\000I\000n\000t\000e\000g\000e\000r\000\040\000d\000a\000t\000a\000\040\000t\000y\000p\000e\000s}{section.6.4}% 43
\BOOKMARK [2][-]{subsection.6.4.4}{\376\377\000F\000l\000o\000a\000t\000i\000n\000g\000\040\000p\000o\000i\000n\000t\000\040\000t\000y\000p\000e}{section.6.4}% 44
\BOOKMARK [2][-]{subsection.6.4.5}{\376\377\000B\000o\000o\000l\000e\000a\000n\000\040\000t\000y\000p\000e}{section.6.4}% 45
\BOOKMARK [2][-]{subsection.6.4.6}{\376\377\000B\000u\000f\000f\000e\000r\000\040\000o\000v\000e\000r\000f\000l\000o\000w\000s}{section.6.4}% 46
\BOOKMARK [1][-]{section.6.5}{\376\377\000W\000h\000a\000t\000\040\000i\000s\000\040\000t\000h\000e\000\040\000s\000i\000z\000e\000\040\000o\000f\000\040\000a\000\040\000v\000a\000r\000i\000a\000b\000l\000e\000?}{chapter.6}% 47
\BOOKMARK [2][-]{subsection.6.5.1}{\376\377\000E\000x\000a\000m\000p\000l\000e\000s}{section.6.5}% 48
\BOOKMARK [1][-]{section.6.6}{\376\377\000W\000h\000a\000t\000\040\000i\000s\000\040\000a\000\040\000c\000o\000n\000s\000t\000a\000n\000t\000?}{chapter.6}% 49
\BOOKMARK [2][-]{subsection.6.6.1}{\376\377\000L\000i\000t\000e\000r\000a\000l\000\040\000c\000o\000n\000s\000t\000a\000n\000t\000s}{section.6.6}% 50
\BOOKMARK [2][-]{subsection.6.6.2}{\376\377\000D\000e\000f\000i\000n\000e\000d\000\040\000c\000o\000n\000s\000t\000a\000n\000t\000s}{section.6.6}% 51
\BOOKMARK [0][-]{chapter.7}{\376\377\000A\000r\000r\000a\000y\000s\000\040\000a\000n\000d\000\040\000v\000e\000c\000t\000o\000r\000s}{}% 52
\BOOKMARK [1][-]{section.7.1}{\376\377\000A\000r\000r\000a\000y\000s\000\040\000a\000n\000d\000\040\000v\000e\000c\000t\000o\000r\000s}{chapter.7}% 53
\BOOKMARK [1][-]{section.7.2}{\376\377\000W\000h\000a\000t\000\040\000i\000s\000\040\000a\000n\000\040\000a\000r\000r\000a\000y\000?}{chapter.7}% 54
\BOOKMARK [2][-]{subsection.7.2.1}{\376\377\000C\000h\000a\000r\000a\000c\000t\000e\000r\000i\000s\000t\000i\000c\000s}{section.7.2}% 55
\BOOKMARK [1][-]{section.7.3}{\376\377\000D\000e\000c\000l\000a\000r\000i\000n\000g\000\040\000a\000n\000d\000\040\000i\000n\000i\000t\000i\000a\000l\000i\000z\000i\000n\000g\000\040\000a\000r\000r\000a\000y\000s}{chapter.7}% 56
\BOOKMARK [2][-]{subsection.7.3.1}{\376\377\000D\000e\000c\000l\000a\000r\000i\000n\000g\000\040\000a\000r\000r\000a\000y\000s}{section.7.3}% 57
\BOOKMARK [2][-]{subsection.7.3.2}{\376\377\000I\000n\000i\000t\000i\000a\000l\000i\000z\000i\000n\000g\000\040\000a\000r\000r\000a\000y\000s}{section.7.3}% 58
\BOOKMARK [1][-]{section.7.4}{\376\377\000A\000c\000c\000e\000s\000s\000i\000n\000g\000\040\000a\000n\000d\000\040\000m\000o\000d\000i\000f\000y\000i\000n\000g\000\040\000a\000r\000r\000a\000y\000\040\000e\000l\000e\000m\000e\000n\000t\000s}{chapter.7}% 59
\BOOKMARK [2][-]{subsection.7.4.1}{\376\377\000H\000o\000w\000\040\000d\000o\000\040\000a\000r\000r\000a\000y\000s\000\040\000w\000o\000r\000k\000?}{section.7.4}% 60
\BOOKMARK [2][-]{subsection.7.4.2}{\376\377\000E\000x\000a\000m\000p\000l\000e\000s}{section.7.4}% 61
\BOOKMARK [1][-]{section.7.5}{\376\377\000M\000u\000l\000t\000i\000d\000i\000m\000e\000n\000t\000i\000o\000n\000a\000l\000\040\000a\000r\000r\000a\000y\000s}{chapter.7}% 62
\BOOKMARK [1][-]{section.7.6}{\376\377\000D\000e\000c\000l\000a\000r\000i\000n\000g\000\040\000a\000n\000d\000\040\000i\000n\000i\000t\000i\000a\000l\000i\000z\000i\000n\000g\000\040\000v\000e\000c\000t\000o\000r\000s}{chapter.7}% 63
\BOOKMARK [2][-]{subsection.7.6.1}{\376\377\000V\000e\000c\000t\000o\000r\000s}{section.7.6}% 64
\BOOKMARK [2][-]{subsection.7.6.2}{\376\377\000D\000e\000c\000l\000a\000r\000i\000n\000g\000\040\000v\000e\000c\000t\000o\000r\000s}{section.7.6}% 65
\BOOKMARK [2][-]{subsection.7.6.3}{\376\377\000I\000n\000i\000t\000i\000a\000l\000i\000z\000i\000n\000g\000\040\000v\000e\000c\000t\000o\000r\000s}{section.7.6}% 66
\BOOKMARK [2][-]{subsection.7.6.4}{\376\377\000V\000e\000c\000t\000o\000r\000\040\000c\000a\000r\000a\000c\000t\000e\000r\000i\000s\000t\000i\000c\000s}{section.7.6}% 67
\BOOKMARK [1][-]{section.7.7}{\376\377\000A\000c\000c\000e\000s\000s\000i\000n\000g\000\040\000a\000n\000d\000\040\000m\000o\000d\000i\000f\000y\000i\000n\000g\000\040\000v\000e\000c\000t\000o\000r\000\040\000e\000l\000e\000m\000e\000n\000t\000s}{chapter.7}% 68
\BOOKMARK [2][-]{subsection.7.7.1}{\376\377\000V\000e\000c\000t\000o\000r\000s\000\040\000c\000h\000a\000n\000g\000i\000n\000g\000\040\000i\000n\000\040\000s\000i\000z\000e\000\040\000d\000y\000n\000a\000m\000i\000c\000a\000l\000l\000y}{section.7.7}% 69
\BOOKMARK [2][-]{subsection.7.7.2}{\376\377\000O\000u\000t\000\040\000o\000f\000\040\000b\000o\000u\000n\000d\000s\000\040\000e\000r\000r\000o\000r\000s}{section.7.7}% 70
\BOOKMARK [0][-]{chapter.8}{\376\377\000S\000t\000a\000t\000e\000m\000e\000n\000t\000s\000\040\000a\000n\000d\000\040\000o\000p\000e\000r\000a\000t\000o\000r\000s}{}% 71
\BOOKMARK [1][-]{section.8.1}{\376\377\000E\000x\000p\000r\000e\000s\000s\000i\000o\000n\000s\000\040\000a\000n\000d\000\040\000s\000t\000a\000t\000e\000m\000e\000n\000t\000s}{chapter.8}% 72
\BOOKMARK [1][-]{section.8.2}{\376\377\000U\000s\000i\000n\000g\000\040\000o\000p\000e\000r\000a\000t\000o\000r\000s}{chapter.8}% 73
\BOOKMARK [1][-]{section.8.3}{\376\377\000T\000h\000e\000\040\000a\000s\000s\000i\000g\000n\000m\000e\000n\000t\000\040\000o\000p\000e\000r\000a\000t\000o\000r}{chapter.8}% 74
\BOOKMARK [2][-]{subsection.8.3.1}{\376\377\000E\000x\000a\000m\000p\000l\000e}{section.8.3}% 75
\BOOKMARK [1][-]{section.8.4}{\376\377\000A\000r\000i\000t\000h\000m\000e\000t\000i\000c\000\040\000o\000p\000e\000r\000a\000t\000o\000r\000s}{chapter.8}% 76
\BOOKMARK [2][-]{subsection.8.4.1}{\376\377\000E\000x\000a\000m\000p\000l\000e\000s}{section.8.4}% 77
\BOOKMARK [1][-]{section.8.5}{\376\377\000I\000n\000c\000r\000e\000m\000e\000n\000t\000\040\000a\000n\000d\000\040\000d\000e\000c\000r\000e\000m\000e\000n\000t\000\040\000o\000p\000e\000r\000a\000t\000o\000r\000s}{chapter.8}% 78
\BOOKMARK [2][-]{subsection.8.5.1}{\376\377\000E\000x\000a\000m\000p\000l\000e}{section.8.5}% 79
\BOOKMARK [1][-]{section.8.6}{\376\377\000M\000i\000x\000e\000d\000\040\000e\000x\000p\000r\000e\000s\000s\000i\000o\000n\000s\000\040\000a\000n\000d\000\040\000c\000o\000n\000v\000e\000r\000s\000i\000o\000n\000s}{chapter.8}% 80
\BOOKMARK [2][-]{subsection.8.6.1}{\376\377\000C\000o\000n\000v\000e\000r\000s\000i\000o\000n\000s}{section.8.6}% 81
\BOOKMARK [2][-]{subsection.8.6.2}{\376\377\000E\000x\000a\000m\000p\000l\000e\000\040\000t\000y\000p\000e\000\040\000c\000o\000e\000r\000c\000i\000o\000n}{section.8.6}% 82
\BOOKMARK [2][-]{subsection.8.6.3}{\376\377\000E\000x\000a\000m\000p\000l\000e\000s\000\040\000e\000x\000p\000l\000i\000c\000i\000t\000\040\000t\000y\000p\000e\000\040\000c\000a\000s\000t\000i\000n\000g}{section.8.6}% 83
\BOOKMARK [1][-]{section.8.7}{\376\377\000T\000e\000s\000t\000i\000n\000g\000\040\000f\000o\000r\000\040\000e\000q\000u\000a\000l\000i\000t\000y}{chapter.8}% 84
\BOOKMARK [2][-]{subsection.8.7.1}{\376\377\000E\000x\000a\000m\000p\000l\000e}{section.8.7}% 85
\BOOKMARK [1][-]{section.8.8}{\376\377\000R\000e\000l\000a\000t\000i\000o\000n\000a\000l\000\040\000o\000p\000e\000r\000a\000t\000o\000r\000s}{chapter.8}% 86
\BOOKMARK [2][-]{subsection.8.8.1}{\376\377\000E\000x\000a\000m\000p\000l\000e}{section.8.8}% 87
\BOOKMARK [1][-]{section.8.9}{\376\377\000L\000o\000g\000i\000c\000a\000l\000\040\000o\000p\000e\000r\000a\000t\000o\000r\000s}{chapter.8}% 88
\BOOKMARK [2][-]{subsection.8.9.1}{\376\377\000P\000r\000e\000c\000e\000d\000e\000n\000c\000e}{section.8.9}% 89
\BOOKMARK [2][-]{subsection.8.9.2}{\376\377\000E\000x\000a\000m\000p\000l\000e\000s}{section.8.9}% 90
\BOOKMARK [2][-]{subsection.8.9.3}{\376\377\000S\000h\000o\000r\000t\000-\000C\000i\000r\000c\000u\000i\000t\000\040\000e\000v\000a\000l\000u\000a\000t\000i\000o\000n}{section.8.9}% 91
\BOOKMARK [2][-]{subsection.8.9.4}{\376\377\000E\000x\000a\000m\000p\000l\000e}{section.8.9}% 92
\BOOKMARK [1][-]{section.8.10}{\376\377\000C\000o\000m\000p\000o\000u\000n\000d\000\040\000a\000s\000s\000i\000g\000n\000m\000e\000n\000t\000\040\000o\000p\000e\000r\000a\000t\000o\000r\000s}{chapter.8}% 93
\BOOKMARK [1][-]{section.8.11}{\376\377\000O\000p\000e\000r\000a\000t\000o\000r\000\040\000P\000r\000e\000c\000e\000d\000e\000n\000c\000e}{chapter.8}% 94
\BOOKMARK [2][-]{subsection.8.11.1}{\376\377\000E\000x\000a\000m\000p\000l\000e}{section.8.11}% 95
\BOOKMARK [0][-]{chapter.9}{\376\377\000C\000o\000n\000t\000r\000o\000l\000l\000i\000n\000g\000\040\000p\000r\000o\000g\000r\000a\000m\000\040\000f\000l\000o\000w}{}% 96
\BOOKMARK [1][-]{section.9.1}{\376\377\000S\000e\000c\000t\000i\000o\000n\000\040\000o\000v\000e\000r\000v\000i\000e\000w}{chapter.9}% 97
\BOOKMARK [2][-]{subsection.9.1.1}{\376\377\000S\000e\000l\000e\000c\000t\000i\000o\000n\000:\000\040\000D\000e\000c\000i\000s\000i\000o\000n}{section.9.1}% 98
\BOOKMARK [2][-]{subsection.9.1.2}{\376\377\000I\000t\000e\000r\000a\000t\000i\000o\000n\000:\000\040\000L\000o\000o\000p\000i\000n\000g}{section.9.1}% 99
\BOOKMARK [1][-]{section.9.2}{\376\377\000I\000f\000\040\000s\000t\000a\000t\000e\000m\000e\000n\000t}{chapter.9}% 100
\BOOKMARK [2][-]{subsection.9.2.1}{\376\377\000E\000x\000a\000m\000p\000l\000e\000s\000\040\000o\000f\000\040\000s\000i\000n\000g\000l\000e\000\040\000i\000f\000\040\000s\000t\000a\000t\000e\000m\000e\000n\000t\000s}{section.9.2}% 101
\BOOKMARK [2][-]{subsection.9.2.2}{\376\377\000B\000l\000o\000c\000k\000\040\000i\000f\000\040\000s\000t\000a\000t\000e\000m\000e\000n\000t\000s}{section.9.2}% 102
\BOOKMARK [2][-]{subsection.9.2.3}{\376\377\000E\000x\000a\000m\000p\000l\000e\000\040\000o\000f\000\040\000b\000l\000o\000c\000k\000\040\000i\000f\000s}{section.9.2}% 103
\BOOKMARK [1][-]{section.9.3}{\376\377\000I\000f\000\040\000e\000l\000s\000e\000\040\000s\000t\000a\000t\000e\000m\000e\000n\000t}{chapter.9}% 104
\BOOKMARK [2][-]{subsection.9.3.1}{\376\377\000E\000x\000a\000m\000p\000l\000e\000\040\000o\000f\000\040\000s\000i\000n\000g\000l\000e\000\040\000i\000f\000\040\000e\000l\000s\000e\000\040\000s\000t\000a\000t\000e\000m\000e\000n\000t\000s}{section.9.3}% 105
\BOOKMARK [2][-]{subsection.9.3.2}{\376\377\000I\000f\000\040\000e\000l\000s\000e\000\040\000b\000l\000o\000c\000k}{section.9.3}% 106
\BOOKMARK [2][-]{subsection.9.3.3}{\376\377\000I\000f\000\040\000e\000l\000s\000e\000\040\000i\000f\000\040\000c\000o\000n\000s\000t\000r\000u\000c\000t}{section.9.3}% 107
\BOOKMARK [2][-]{subsection.9.3.4}{\376\377\000E\000x\000a\000m\000p\000l\000e}{section.9.3}% 108
\BOOKMARK [1][-]{section.9.4}{\376\377\000N\000e\000s\000t\000e\000d\000\040\000i\000f\000\040\000s\000t\000a\000t\000e\000m\000e\000n\000t}{chapter.9}% 109
\BOOKMARK [2][-]{subsection.9.4.1}{\376\377\000E\000x\000a\000m\000p\000l\000e}{section.9.4}% 110
\BOOKMARK [1][-]{section.9.5}{\376\377\000S\000w\000i\000t\000c\000h\000-\000c\000a\000s\000e\000\040\000s\000t\000a\000t\000e\000m\000e\000n\000t}{chapter.9}% 111
\BOOKMARK [2][-]{subsection.9.5.1}{\376\377\000E\000x\000a\000m\000p\000l\000e}{section.9.5}% 112
\BOOKMARK [2][-]{subsection.9.5.2}{\376\377\000R\000e\000v\000i\000e\000w}{section.9.5}% 113
\BOOKMARK [2][-]{subsection.9.5.3}{\376\377\000E\000x\000a\000m\000p\000l\000e}{section.9.5}% 114
\BOOKMARK [1][-]{section.9.6}{\376\377\000C\000o\000n\000d\000i\000t\000i\000o\000n\000a\000l\000\040\000o\000p\000e\000r\000a\000t\000o\000r}{chapter.9}% 115
\BOOKMARK [2][-]{subsection.9.6.1}{\376\377\000E\000x\000a\000m\000p\000l\000e}{section.9.6}% 116
\BOOKMARK [1][-]{section.9.7}{\376\377\000L\000o\000o\000p\000i\000n\000g}{chapter.9}% 117
\BOOKMARK [2][-]{subsection.9.7.1}{\376\377\000U\000s\000e\000\040\000c\000a\000s\000e\000s\000\040\000o\000f\000\040\000l\000o\000o\000p\000i\000n\000g}{section.9.7}% 118
\BOOKMARK [2][-]{subsection.9.7.2}{\376\377\000C\000+\000+\000\040\000l\000o\000o\000p\000i\000n\000g\000\040\000c\000o\000n\000s\000t\000r\000u\000c\000t\000s}{section.9.7}% 119
\BOOKMARK [1][-]{section.9.8}{\376\377\000f\000o\000r\000\040\000l\000o\000o\000p}{chapter.9}% 120
\BOOKMARK [2][-]{subsection.9.8.1}{\376\377\000E\000x\000a\000m\000p\000l\000e\000s}{section.9.8}% 121
\BOOKMARK [2][-]{subsection.9.8.2}{\376\377\000O\000t\000h\000e\000r\000\040\000d\000e\000t\000a\000i\000l\000s}{section.9.8}% 122
\BOOKMARK [2][-]{subsection.9.8.3}{\376\377\000E\000x\000a\000m\000p\000l\000e\000s}{section.9.8}% 123
\BOOKMARK [1][-]{section.9.9}{\376\377\000R\000a\000n\000g\000e\000\040\000b\000a\000s\000e\000d\000\040\000f\000o\000r\000\040\000l\000o\000o\000p}{chapter.9}% 124
\BOOKMARK [2][-]{subsection.9.9.1}{\376\377\000E\000x\000a\000m\000p\000l\000e\000s}{section.9.9}% 125
\BOOKMARK [1][-]{section.9.10}{\376\377\000W\000h\000i\000l\000e}{chapter.9}% 126
\BOOKMARK [2][-]{subsection.9.10.1}{\376\377\000E\000x\000a\000m\000p\000l\000e}{section.9.10}% 127
\BOOKMARK [1][-]{section.9.11}{\376\377\000d\000o\000-\000w\000h\000i\000l\000e\000\040\000l\000o\000o\000p}{chapter.9}% 128
\BOOKMARK [2][-]{subsection.9.11.1}{\376\377\000E\000x\000a\000m\000p\000l\000e\000s}{section.9.11}% 129
\BOOKMARK [1][-]{section.9.12}{\376\377\000c\000o\000n\000t\000i\000n\000u\000e\000\040\000a\000n\000d\000\040\000b\000r\000e\000a\000k}{chapter.9}% 130
\BOOKMARK [2][-]{subsection.9.12.1}{\376\377\000E\000x\000a\000m\000p\000l\000e}{section.9.12}% 131
\BOOKMARK [1][-]{section.9.13}{\376\377\000I\000n\000f\000i\000n\000i\000t\000e\000\040\000l\000o\000o\000p\000s}{chapter.9}% 132
\BOOKMARK [2][-]{subsection.9.13.1}{\376\377\000E\000x\000a\000m\000p\000l\000e}{section.9.13}% 133
\BOOKMARK [1][-]{section.9.14}{\376\377\000N\000e\000s\000t\000e\000d\000\040\000l\000o\000o\000p\000s}{chapter.9}% 134
\BOOKMARK [2][-]{subsection.9.14.1}{\376\377\000E\000x\000a\000m\000p\000l\000e\000s}{section.9.14}% 135
\BOOKMARK [0][-]{chapter.10}{\376\377\000C\000h\000a\000r\000a\000c\000t\000e\000r\000s\000\040\000a\000n\000d\000\040\000s\000t\000r\000i\000n\000g\000s}{}% 136
\BOOKMARK [1][-]{section.10.1}{\376\377\000C\000h\000a\000r\000a\000c\000t\000e\000r\000\040\000f\000u\000n\000c\000t\000i\000o\000n\000s}{chapter.10}% 137
\BOOKMARK [1][-]{section.10.2}{\376\377\000C\000-\000S\000t\000y\000l\000e\000\040\000s\000t\000r\000i\000n\000g\000s}{chapter.10}% 138
\BOOKMARK [2][-]{subsection.10.2.1}{\376\377\000E\000x\000a\000m\000p\000l\000e\000s}{section.10.2}% 139
\BOOKMARK [1][-]{section.10.3}{\376\377\000W\000o\000r\000k\000i\000n\000g\000\040\000w\000i\000t\000h\000\040\000C\000-\000S\000t\000y\000l\000e\000\040\000s\000t\000r\000i\000n\000g\000s\000\040\000e\000x\000a\000m\000p\000l\000e\000s}{chapter.10}% 140
\BOOKMARK [1][-]{section.10.4}{\376\377\000C\000+\000+\000\040\000s\000t\000r\000i\000n\000g\000s}{chapter.10}% 141
\BOOKMARK [0][-]{chapter.11}{\376\377\000F\000u\000n\000c\000t\000i\000o\000n\000s}{}% 142
\BOOKMARK [1][-]{section.11.1}{\376\377\000W\000h\000a\000t\000\040\000i\000s\000\040\000a\000\040\000f\000u\000n\000c\000t\000i\000o\000n\000?}{chapter.11}% 143
\BOOKMARK [2][-]{subsection.11.1.1}{\376\377\000E\000x\000a\000m\000p\000l\000e}{section.11.1}% 144
\BOOKMARK [1][-]{section.11.2}{\376\377\000F\000u\000n\000c\000t\000i\000o\000n\000\040\000d\000e\000f\000i\000n\000i\000t\000i\000o\000n}{chapter.11}% 145
\BOOKMARK [2][-]{subsection.11.2.1}{\376\377\000E\000x\000a\000m\000p\000l\000e}{section.11.2}% 146
\BOOKMARK [1][-]{section.11.3}{\376\377\000F\000u\000n\000c\000t\000i\000o\000n\000\040\000p\000r\000o\000t\000o\000t\000y\000p\000e\000s}{chapter.11}% 147
\BOOKMARK [1][-]{section.11.4}{\376\377\000F\000u\000n\000c\000t\000i\000o\000n\000\040\000p\000a\000r\000a\000m\000e\000t\000e\000r\000s\000\040\000a\000n\000d\000\040\000t\000h\000e\000\040\000r\000e\000t\000u\000r\000n\000\040\000s\000t\000a\000t\000e\000m\000e\000n\000t}{chapter.11}% 148
\BOOKMARK [2][-]{subsection.11.4.1}{\376\377\000F\000u\000n\000c\000t\000i\000o\000n\000\040\000p\000a\000r\000a\000m\000e\000t\000e\000r\000s}{section.11.4}% 149
\BOOKMARK [2][-]{subsection.11.4.2}{\376\377\000F\000u\000n\000c\000t\000i\000o\000n\000\040\000r\000e\000t\000u\000r\000n\000\040\000s\000t\000a\000t\000e\000m\000e\000n\000t}{section.11.4}% 150
\BOOKMARK [1][-]{section.11.5}{\376\377\000D\000e\000f\000a\000u\000l\000t\000\040\000a\000r\000g\000u\000m\000e\000n\000t\000s}{chapter.11}% 151
\BOOKMARK [2][-]{subsection.11.5.1}{\376\377\000E\000x\000a\000m\000p\000l\000e}{section.11.5}% 152
\BOOKMARK [1][-]{section.11.6}{\376\377\000O\000v\000e\000r\000l\000o\000a\000d\000i\000n\000g\000\040\000f\000u\000n\000c\000t\000i\000o\000n\000s}{chapter.11}% 153
\BOOKMARK [2][-]{subsection.11.6.1}{\376\377\000E\000x\000a\000m\000p\000l\000e}{section.11.6}% 154
\BOOKMARK [1][-]{section.11.7}{\376\377\000P\000a\000s\000s\000i\000n\000g\000\040\000a\000r\000r\000a\000y\000s\000\040\000t\000o\000\040\000f\000u\000n\000c\000t\000i\000o\000n\000s}{chapter.11}% 155
\BOOKMARK [1][-]{section.11.8}{\376\377\000P\000a\000s\000s\000\040\000b\000y\000\040\000r\000e\000f\000e\000r\000e\000n\000c\000e}{chapter.11}% 156
\BOOKMARK [1][-]{section.11.9}{\376\377\000S\000c\000o\000p\000e\000\040\000r\000u\000l\000e\000s}{chapter.11}% 157
\BOOKMARK [1][-]{section.11.10}{\376\377\000H\000o\000w\000\040\000d\000o\000\040\000f\000u\000n\000c\000t\000i\000o\000n\000\040\000c\000a\000l\000l\000s\000\040\000w\000o\000r\000k\000?}{chapter.11}% 158
\BOOKMARK [1][-]{section.11.11}{\376\377\000I\000n\000l\000i\000n\000e\000\040\000f\000u\000n\000c\000t\000i\000o\000n\000s}{chapter.11}% 159
\BOOKMARK [1][-]{section.11.12}{\376\377\000R\000e\000c\000u\000r\000s\000i\000v\000e\000\040\000f\000u\000n\000c\000t\000i\000o\000n\000s}{chapter.11}% 160
\BOOKMARK [0][-]{chapter.12}{\376\377\000P\000o\000i\000n\000t\000e\000r\000s\000\040\000a\000n\000d\000\040\000r\000e\000f\000e\000r\000e\000n\000c\000e\000s}{}% 161
\BOOKMARK [1][-]{section.12.1}{\376\377\000W\000h\000a\000t\000\040\000i\000s\000\040\000a\000\040\000p\000o\000i\000n\000t\000e\000r\000?}{chapter.12}% 162
\BOOKMARK [2][-]{subsection.12.1.1}{\376\377\000W\000h\000y\000\040\000u\000s\000e\000\040\000p\000o\000i\000n\000t\000e\000r\000s\000?}{section.12.1}% 163
\BOOKMARK [1][-]{section.12.2}{\376\377\000D\000e\000c\000l\000a\000r\000i\000n\000g\000\040\000p\000o\000i\000n\000t\000e\000r\000\040\000v\000a\000r\000i\000a\000b\000l\000e\000s}{chapter.12}% 164
\BOOKMARK [1][-]{section.12.3}{\376\377\000A\000c\000c\000e\000s\000s\000i\000n\000g\000\040\000t\000h\000e\000\040\000p\000o\000i\000n\000t\000e\000r\000\040\000a\000d\000d\000r\000e\000s\000s\000\040\000a\000n\000d\000\040\000s\000t\000o\000r\000i\000n\000g\000\040\000a\000d\000d\000r\000e\000s\000s\000\040\000i\000n\000\040\000a\000\040\000p\000o\000i\000n\000t\000e\000r}{chapter.12}% 165
\BOOKMARK [2][-]{subsection.12.3.1}{\376\377\000s\000i\000z\000e\000o\000f\000\040\000a\000\040\000p\000o\000i\000n\000t\000e\000r\000\040\000v\000a\000r\000i\000a\000b\000l\000e}{section.12.3}% 166
\BOOKMARK [2][-]{subsection.12.3.2}{\376\377\000S\000t\000o\000r\000i\000n\000g\000\040\000a\000n\000\040\000a\000d\000d\000r\000e\000s\000s\000\040\000i\000n\000\040\000a\000\040\000p\000o\000i\000n\000t\000e\000r\000\040\000v\000a\000r\000i\000a\000b\000l\000e\000?}{section.12.3}% 167
\BOOKMARK [2][-]{subsection.12.3.3}{\376\377\000\046\000\040\000t\000h\000e\000\040\000a\000d\000d\000r\000e\000s\000s\000\040\000o\000f\000\040\000o\000p\000e\000r\000a\000t\000o\000r}{section.12.3}% 168
\BOOKMARK [1][-]{section.12.4}{\376\377\000D\000e\000r\000e\000f\000e\000r\000e\000n\000c\000i\000n\000g\000\040\000t\000h\000e\000\040\000p\000o\000i\000n\000t\000e\000r}{chapter.12}% 169
\BOOKMARK [1][-]{section.12.5}{\376\377\000D\000y\000n\000a\000m\000i\000c\000\040\000M\000e\000m\000o\000r\000y\000\040\000A\000l\000l\000o\000c\000a\000t\000i\000o\000n}{chapter.12}% 170
\BOOKMARK [2][-]{subsection.12.5.1}{\376\377\000A\000l\000l\000o\000c\000a\000t\000i\000n\000g\000\040\000a\000n\000d\000\040\000d\000e\000a\000l\000l\000o\000c\000a\000t\000i\000n\000g\000\040\000m\000e\000m\000o\000r\000y}{section.12.5}% 171
\BOOKMARK [1][-]{section.12.6}{\376\377\000R\000e\000l\000a\000t\000i\000o\000n\000s\000h\000i\000p\000\040\000b\000e\000t\000w\000e\000e\000n\000\040\000a\000r\000r\000a\000y\000s\000\040\000a\000n\000d\000\040\000p\000o\000i\000n\000t\000e\000r\000s}{chapter.12}% 172
\BOOKMARK [2][-]{subsection.12.6.1}{\376\377\000S\000u\000b\000s\000c\000r\000i\000p\000t\000\040\000a\000n\000d\000\040\000o\000f\000f\000s\000e\000t\000\040\000n\000o\000t\000a\000t\000i\000o\000n\000\040\000e\000q\000u\000i\000v\000a\000l\000e\000n\000c\000e}{section.12.6}% 173
\BOOKMARK [1][-]{section.12.7}{\376\377\000P\000o\000i\000n\000t\000e\000r\000\040\000a\000r\000i\000t\000h\000m\000e\000t\000i\000c}{chapter.12}% 174
\BOOKMARK [2][-]{subsection.12.7.1}{\376\377\000+\000+\000\040\000a\000n\000d\000\040\040\023}{section.12.7}% 175
\BOOKMARK [2][-]{subsection.12.7.2}{\376\377\000+\000\040\000a\000n\000d\000\040\000-}{section.12.7}% 176
\BOOKMARK [2][-]{subsection.12.7.3}{\376\377\000S\000u\000b\000t\000r\000a\000c\000t\000i\000n\000g\000\040\000t\000w\000o\000\040\000p\000o\000i\000n\000t\000e\000r\000s}{section.12.7}% 177
\BOOKMARK [2][-]{subsection.12.7.4}{\376\377\000C\000o\000m\000p\000a\000r\000e\000\040\000t\000w\000o\000\040\000p\000o\000i\000n\000t\000e\000r\000s\000\040\000=\000=\000\040\000a\000n\000d\000\040\000!\000=}{section.12.7}% 178
\BOOKMARK [2][-]{subsection.12.7.5}{\376\377\000C\000o\000m\000p\000a\000r\000i\000n\000g\000\040\000t\000h\000e\000\040\000d\000a\000t\000a\000\040\000p\000o\000i\000n\000t\000e\000r\000s\000\040\000p\000o\000i\000n\000t\000\040\000t\000o}{section.12.7}% 179
\BOOKMARK [2][-]{subsection.12.7.6}{\376\377\000E\000x\000a\000m\000p\000l\000e\000s}{section.12.7}% 180
\BOOKMARK [1][-]{section.12.8}{\376\377\000P\000a\000s\000s\000i\000n\000g\000\040\000p\000o\000i\000n\000t\000e\000r\000s\000\040\000t\000o\000\040\000a\000\040\000f\000u\000n\000c\000t\000i\000o\000n}{chapter.12}% 181
\BOOKMARK [1][-]{section.12.9}{\376\377\000P\000a\000s\000s\000i\000n\000g\000\040\000p\000o\000i\000n\000t\000e\000r\000s\000\040\000t\000o\000\040\000f\000u\000n\000c\000t\000i\000o\000n\000s}{chapter.12}% 182
\BOOKMARK [1][-]{section.12.10}{\376\377\000R\000e\000t\000u\000r\000n\000i\000n\000g\000\040\000a\000\040\000p\000o\000i\000n\000t\000e\000r\000\040\000f\000r\000o\000m\000\040\000a\000\040\000f\000u\000n\000c\000t\000i\000o\000n}{chapter.12}% 183
\BOOKMARK [1][-]{section.12.11}{\376\377\000P\000o\000t\000e\000n\000t\000i\000a\000l\000\040\000p\000o\000i\000n\000t\000e\000r\000\040\000p\000i\000t\000f\000a\000l\000l\000s}{chapter.12}% 184
\BOOKMARK [1][-]{section.12.12}{\376\377\000W\000h\000a\000t\000\040\000i\000s\000\040\000a\000\040\000r\000e\000f\000e\000r\000e\000n\000c\000e\000?}{chapter.12}% 185
\BOOKMARK [2][-]{subsection.12.12.1}{\376\377\000U\000s\000i\000n\000g\000\040\000r\000e\000f\000e\000r\000e\000n\000c\000e\000s\000\040\000i\000n\000\040\000r\000a\000n\000g\000e\000-\000b\000a\000s\000e\000d\000\040\000f\000o\000r\000\040\000l\000o\000o\000p\000s}{section.12.12}% 186
\BOOKMARK [2][-]{subsection.12.12.2}{\376\377\000E\000x\000a\000m\000p\000l\000e\000s}{section.12.12}% 187
\BOOKMARK [1][-]{section.12.13}{\376\377\000L\000-\000v\000a\000l\000u\000e\000s\000\040\000a\000n\000d\000\040\000R\000-\000v\000a\000l\000u\000e\000s}{chapter.12}% 188
\BOOKMARK [2][-]{subsection.12.13.1}{\376\377\000L\000-\000v\000a\000l\000u\000e\000s}{section.12.13}% 189
\BOOKMARK [1][-]{section.12.14}{\376\377\000U\000s\000i\000n\000g\000\040\000t\000h\000e\000\040\000d\000e\000b\000u\000g\000g\000e\000r}{chapter.12}% 190
\BOOKMARK [1][-]{section.12.15}{\376\377\000S\000e\000c\000t\000i\000o\000n\000\040\000r\000e\000c\000a\000p}{chapter.12}% 191
\BOOKMARK [0][-]{chapter.13}{\376\377\000O\000P\000P\000:\000\040\000C\000l\000a\000s\000s\000e\000s\000\040\000a\000n\000d\000\040\000o\000b\000j\000e\000c\000t\000s}{}% 192
\BOOKMARK [1][-]{section.13.1}{\376\377\000W\000h\000a\000t\000\040\000i\000s\000\040\000o\000b\000j\000e\000c\000t\000-\000o\000r\000i\000e\000n\000t\000e\000d\000\040\000p\000r\000o\000g\000r\000a\000m\000m\000i\000n\000g\000?}{chapter.13}% 193
\BOOKMARK [2][-]{subsection.13.1.1}{\376\377\000P\000r\000o\000c\000e\000d\000u\000r\000a\000l\000\040\000p\000r\000o\000g\000r\000a\000m\000m\000i\000n\000g\000\040\000a\000n\000d\000\040\000i\000t\000s\000\040\000l\000i\000m\000i\000t\000a\000t\000i\000o\000n\000s\000:}{section.13.1}% 194
\BOOKMARK [2][-]{subsection.13.1.2}{\376\377\000W\000h\000a\000t\000\040\000i\000s\000\040\000o\000b\000j\000e\000c\000t\000e\000d\000-\000o\000r\000i\000e\000n\000t\000e\000d\000\040\000p\000r\000o\000g\000r\000a\000m\000m\000i\000n\000g\000:}{section.13.1}% 195
\BOOKMARK [2][-]{subsection.13.1.3}{\376\377\000O\000O\000\040\000l\000i\000m\000i\000t\000a\000t\000i\000o\000n\000s}{section.13.1}% 196
\BOOKMARK [1][-]{section.13.2}{\376\377\000W\000h\000a\000t\000\040\000a\000r\000e\000\040\000c\000l\000a\000s\000s\000e\000s\000\040\000a\000n\000d\000\040\000o\000b\000j\000e\000c\000t\000s\000?}{chapter.13}% 197
\BOOKMARK [2][-]{subsection.13.2.1}{\376\377\000C\000l\000a\000s\000s\000e\000s}{section.13.2}% 198
\BOOKMARK [2][-]{subsection.13.2.2}{\376\377\000O\000b\000j\000e\000c\000t\000s}{section.13.2}% 199
\BOOKMARK [2][-]{subsection.13.2.3}{\376\377\000E\000x\000a\000m\000p\000l\000e}{section.13.2}% 200
\BOOKMARK [1][-]{section.13.3}{\376\377\000D\000e\000c\000l\000a\000r\000i\000n\000g\000\040\000a\000\040\000c\000l\000a\000s\000s\000\040\000a\000n\000d\000\040\000c\000r\000e\000a\000t\000i\000n\000g\000\040\000o\000b\000j\000e\000c\000t\000s}{chapter.13}% 201
\BOOKMARK [2][-]{subsection.13.3.1}{\376\377\000C\000r\000e\000a\000t\000i\000n\000g\000\040\000o\000b\000j\000e\000c\000t\000s}{section.13.3}% 202
\BOOKMARK [2][-]{subsection.13.3.2}{\376\377\000E\000x\000a\000m\000p\000l\000e}{section.13.3}% 203
\BOOKMARK [1][-]{section.13.4}{\376\377\000A\000c\000c\000e\000s\000s\000i\000n\000g\000\040\000c\000l\000a\000s\000s\000\040\000m\000e\000m\000b\000e\000r\000s}{chapter.13}% 204
\BOOKMARK [2][-]{subsection.13.4.1}{\376\377\000A\000c\000c\000e\000s\000s\000\040\000m\000e\000m\000b\000e\000r\000s}{section.13.4}% 205
\BOOKMARK [2][-]{subsection.13.4.2}{\376\377\000E\000x\000a\000m\000p\000l\000e}{section.13.4}% 206
\BOOKMARK [1][-]{section.13.5}{\376\377\000P\000u\000b\000l\000i\000c\000\040\000a\000n\000d\000\040\000p\000r\000i\000v\000a\000t\000e}{chapter.13}% 207
\BOOKMARK [2][-]{subsection.13.5.1}{\376\377\000D\000e\000c\000l\000a\000r\000a\000t\000i\000o\000n}{section.13.5}% 208
\BOOKMARK [1][-]{section.13.6}{\376\377\000I\000m\000p\000l\000e\000m\000e\000n\000t\000i\000n\000g\000\040\000m\000e\000m\000b\000e\000r\000\040\000m\000e\000t\000h\000o\000d\000s}{chapter.13}% 209
\BOOKMARK [2][-]{subsection.13.6.1}{\376\377\000I\000n\000s\000i\000d\000e\000\040\000t\000h\000e\000\040\000c\000l\000a\000s\000s\000\040\000d\000e\000c\000l\000a\000r\000a\000t\000i\000o\000n}{section.13.6}% 210
\BOOKMARK [2][-]{subsection.13.6.2}{\376\377\000O\000u\000t\000s\000i\000d\000e\000\040\000t\000h\000e\000\040\000c\000l\000a\000s\000s\000\040\000d\000e\000c\000l\000a\000r\000a\000t\000i\000o\000n}{section.13.6}% 211
\BOOKMARK [2][-]{subsection.13.6.3}{\376\377\000S\000e\000p\000a\000r\000a\000t\000e\000\040\000s\000p\000e\000c\000i\000f\000i\000c\000a\000t\000i\000o\000n\000\040\000f\000r\000o\000m\000\040\000i\000m\000p\000l\000e\000m\000e\000n\000t\000a\000t\000i\000o\000n}{section.13.6}% 212
\BOOKMARK [2][-]{subsection.13.6.4}{\376\377\000E\000x\000a\000m\000p\000l\000e}{section.13.6}% 213
\BOOKMARK [1][-]{section.13.7}{\376\377\000C\000o\000n\000s\000t\000r\000u\000c\000t\000o\000r\000s\000\040\000a\000n\000d\000\040\000d\000e\000s\000t\000r\000u\000c\000t\000o\000r\000s}{chapter.13}% 214
\BOOKMARK [2][-]{subsection.13.7.1}{\376\377\000C\000r\000e\000a\000t\000i\000n\000g\000\040\000o\000b\000j\000e\000c\000t\000s}{section.13.7}% 215
\BOOKMARK [1][-]{section.13.8}{\376\377\000T\000h\000e\000\040\000d\000e\000f\000a\000u\000l\000t\000\040\000c\000o\000n\000s\000t\000r\000u\000c\000t\000o\000r}{chapter.13}% 216
\BOOKMARK [2][-]{subsection.13.8.1}{\376\377\000E\000x\000a\000m\000p\000l\000e}{section.13.8}% 217
\BOOKMARK [1][-]{section.13.9}{\376\377\000O\000v\000e\000r\000l\000o\000a\000d\000i\000n\000g\000\040\000c\000o\000n\000s\000t\000r\000u\000c\000t\000o\000r}{chapter.13}% 218
\BOOKMARK [2][-]{subsection.13.9.1}{\376\377\000E\000x\000a\000m\000p\000l\000e}{section.13.9}% 219
\BOOKMARK [1][-]{section.13.10}{\376\377\000C\000o\000n\000s\000t\000r\000u\000c\000t\000o\000r\000\040\000I\000n\000i\000t\000i\000a\000l\000i\000z\000a\000t\000i\000o\000n\000\040\000l\000i\000s\000t\000s}{chapter.13}% 220
\BOOKMARK [2][-]{subsection.13.10.1}{\376\377\000C\000h\000a\000n\000g\000i\000n\000g\000\040\000p\000r\000e\000v\000i\000o\000u\000s\000\040\000i\000n\000i\000t\000i\000a\000l\000i\000z\000a\000t\000i\000o\000n\000\040\000t\000o\000\040\000u\000s\000e\000\040\000c\000o\000n\000s\000t\000r\000u\000c\000t\000o\000r\000\040\000i\000n\000i\000t\000i\000a\000l\000i\000z\000a\000t\000i\000o\000n\000\040\000l\000i\000s\000t\000s}{section.13.10}% 221
\BOOKMARK [1][-]{section.13.11}{\376\377\000D\000e\000l\000e\000g\000a\000t\000i\000n\000g\000\040\000c\000o\000n\000s\000t\000r\000u\000c\000t\000o\000r\000s}{chapter.13}% 222
\BOOKMARK [2][-]{subsection.13.11.1}{\376\377\000E\000x\000a\000m\000p\000l\000e}{section.13.11}% 223
\BOOKMARK [1][-]{section.13.12}{\376\377\000C\000o\000n\000s\000t\000r\000u\000c\000t\000o\000r\000\040\000p\000a\000r\000a\000m\000e\000t\000e\000r\000s\000\040\000a\000n\000d\000\040\000d\000e\000f\000a\000u\000l\000t\000\040\000v\000a\000l\000u\000e\000s}{chapter.13}% 224
\BOOKMARK [2][-]{subsection.13.12.1}{\376\377\000E\000x\000a\000m\000p\000l\000e}{section.13.12}% 225
\BOOKMARK [1][-]{section.13.13}{\376\377\000C\000o\000p\000y\000\040\000c\000o\000n\000s\000t\000r\000u\000c\000t\000o\000r}{chapter.13}% 226
\BOOKMARK [2][-]{subsection.13.13.1}{\376\377\0001\000s\000t\000\040\000u\000s\000e\000c\000a\000s\000e\000:\000\040\000P\000a\000s\000s\000\040\000o\000b\000j\000e\000c\000t\000\040\000b\000y\000-\000v\000a\000l\000u\000e}{section.13.13}% 227
\BOOKMARK [2][-]{subsection.13.13.2}{\376\377\0002\000n\000d\000\040\000u\000s\000e\000c\000a\000s\000e\000:\000\040\000R\000e\000t\000u\000r\000n\000\040\000o\000b\000j\000e\000c\000t\000\040\000b\000y\000\040\000v\000a\000l\000u\000e}{section.13.13}% 228
\BOOKMARK [2][-]{subsection.13.13.3}{\376\377\000C\000o\000n\000s\000t\000r\000u\000c\000t\000\040\000o\000n\000e\000\040\000o\000b\000j\000e\000c\000t\000\040\000b\000a\000s\000e\000d\000\040\000o\000n\000\040\000a\000n\000o\000t\000h\000e\000r}{section.13.13}% 229
\BOOKMARK [2][-]{subsection.13.13.4}{\376\377\000C\000o\000p\000y\000\040\000c\000o\000n\000s\000t\000r\000u\000c\000t\000o\000r\000s}{section.13.13}% 230
\BOOKMARK [2][-]{subsection.13.13.5}{\376\377\000B\000e\000s\000t\000\040\000p\000r\000a\000c\000t\000i\000c\000e\000\040\000i\000s\000:}{section.13.13}% 231
\BOOKMARK [2][-]{subsection.13.13.6}{\376\377\000D\000e\000c\000l\000a\000r\000i\000n\000g\000\040\000t\000h\000e\000\040\000c\000o\000p\000y\000\040\000c\000o\000n\000s\000t\000r\000u\000c\000t\000o\000r}{section.13.13}% 232
\BOOKMARK [2][-]{subsection.13.13.7}{\376\377\000E\000x\000a\000m\000p\000l\000e}{section.13.13}% 233
\BOOKMARK [1][-]{section.13.14}{\376\377\000S\000h\000a\000l\000l\000o\000w\000\040\000C\000o\000p\000y\000i\000n\000g\000\040\000w\000i\000t\000h\000\040\000t\000h\000e\000\040\000C\000o\000p\000y\000\040\000C\000o\000n\000s\000t\000r\000u\000c\000t\000o\000r}{chapter.13}% 234
\BOOKMARK [2][-]{subsection.13.14.1}{\376\377\000E\000x\000a\000m\000p\000l\000e}{section.13.14}% 235
\BOOKMARK [1][-]{section.13.15}{\376\377\000D\000e\000e\000p\000\040\000C\000o\000p\000y\000i\000n\000g\000\040\000w\000i\000t\000h\000\040\000t\000h\000e\000\040\000C\000o\000p\000y\000\040\000c\000o\000n\000s\000t\000r\000u\000c\000t\000o\000r}{chapter.13}% 236
\BOOKMARK [2][-]{subsection.13.15.1}{\376\377\000E\000x\000a\000m\000p\000l\000e}{section.13.15}% 237
\BOOKMARK [1][-]{section.13.16}{\376\377\000M\000o\000v\000e\000\040\000c\000o\000n\000s\000t\000r\000u\000c\000t\000o\000r}{chapter.13}% 238
\BOOKMARK [2][-]{subsection.13.16.1}{\376\377\000r\000-\000v\000a\000l\000u\000e\000\040\000r\000e\000f\000e\000r\000e\000n\000c\000e\000s}{section.13.16}% 239
\BOOKMARK [2][-]{subsection.13.16.2}{\376\377\000M\000o\000v\000e\000\040\000c\000o\000n\000s\000t\000r\000u\000c\000t\000o\000r\000s}{section.13.16}% 240
\BOOKMARK [1][-]{section.13.17}{\376\377\000T\000h\000e\000\040\000'\000t\000h\000i\000s\000'\000\040\000p\000o\000i\000n\000t\000e\000r}{chapter.13}% 241
\BOOKMARK [1][-]{section.13.18}{\376\377\000U\000s\000i\000n\000g\000\040\000c\000o\000n\000s\000t\000\040\000w\000i\000t\000h\000\040\000c\000l\000a\000s\000s\000e\000s}{chapter.13}% 242
\BOOKMARK [1][-]{section.13.19}{\376\377\000S\000t\000a\000t\000i\000c\000\040\000C\000l\000a\000s\000s\000\040\000M\000e\000m\000b\000e\000r\000s}{chapter.13}% 243
\BOOKMARK [1][-]{section.13.20}{\376\377\000E\000x\000a\000m\000p\000l\000e}{chapter.13}% 244
\BOOKMARK [1][-]{section.13.21}{\376\377\000S\000t\000r\000u\000c\000t\000s\000\040\000v\000s\000\040\000C\000l\000a\000s\000s\000e\000s}{chapter.13}% 245
\BOOKMARK [2][-]{subsection.13.21.1}{\376\377\000W\000h\000e\000n\000\040\000t\000o\000\040\000u\000s\000e\000\040\000a\000\040\000c\000l\000a\000s\000s\000\040\000o\000r\000\040\000s\000t\000r\000u\000c\000t\000?}{section.13.21}% 246
\BOOKMARK [2][-]{subsection.13.21.2}{\376\377\000E\000x\000a\000m\000p\000l\000e}{section.13.21}% 247
\BOOKMARK [1][-]{section.13.22}{\376\377\000F\000r\000i\000e\000n\000d\000s\000\040\000o\000f\000\040\000a\000\040\000c\000l\000a\000s\000s}{chapter.13}% 248
\BOOKMARK [2][-]{subsection.13.22.1}{\376\377\000F\000r\000i\000e\000n\000d\000s\000\040\000o\000f\000\040\000a\000\040\000c\000l\000a\000s\000s}{section.13.22}% 249
\BOOKMARK [0][-]{chapter.14}{\376\377\000O\000p\000e\000r\000a\000t\000o\000r\000\040\000o\000v\000e\000r\000l\000o\000a\000d\000i\000n\000g}{}% 250
\BOOKMARK [1][-]{section.14.1}{\376\377\000S\000e\000c\000t\000i\000o\000n\000\040\000o\000v\000e\000r\000v\000i\000e\000w}{chapter.14}% 251
\BOOKMARK [1][-]{section.14.2}{\376\377\000W\000h\000a\000t\000\040\000i\000s\000\040\000o\000p\000e\000r\000a\000t\000o\000r\000\040\000o\000v\000e\000r\000l\000o\000a\000d\000i\000n\000g\000?}{chapter.14}% 252
\BOOKMARK [2][-]{subsection.14.2.1}{\376\377\000E\000x\000a\000m\000p\000l\000e}{section.14.2}% 253
\BOOKMARK [2][-]{subsection.14.2.2}{\376\377\000W\000h\000a\000t\000\040\000o\000p\000e\000r\000a\000t\000o\000r\000s\000\040\000c\000a\000n\000\040\000b\000e\000\040\000o\000v\000e\000r\000l\000o\000a\000d\000e\000d\000?}{section.14.2}% 254
\BOOKMARK [2][-]{subsection.14.2.3}{\376\377\000S\000o\000m\000e\000\040\000b\000a\000s\000i\000c\000\040\000r\000u\000l\000e\000s}{section.14.2}% 255
\BOOKMARK [2][-]{subsection.14.2.4}{\376\377\000E\000x\000a\000m\000p\000l\000e\000s}{section.14.2}% 256
\BOOKMARK [2][-]{subsection.14.2.5}{\376\377\000T\000h\000e\000\040\000c\000l\000a\000s\000s\000\040\000w\000e\000\040\000w\000i\000l\000l\000\040\000b\000e\000\040\000u\000s\000i\000n\000g\000\040\000t\000h\000r\000o\000u\000g\000h\000\040\000o\000u\000t\000\040\000t\000h\000i\000s\000\040\000s\000e\000c\000t\000i\000o\000n}{section.14.2}% 257
\BOOKMARK [1][-]{section.14.3}{\376\377\000O\000v\000e\000r\000l\000o\000a\000d\000i\000n\000g\000\040\000t\000h\000e\000\040\000a\000s\000s\000i\000g\000n\000m\000e\000n\000t\000\040\000o\000p\000e\000r\000a\000t\000o\000r}{chapter.14}% 258
\BOOKMARK [2][-]{subsection.14.3.1}{\376\377\000O\000v\000e\000r\000l\000o\000a\000d\000i\000n\000g\000\040\000t\000h\000e\000\040\000c\000o\000p\000y\000\040\000a\000s\000s\000i\000g\000n\000m\000e\000n\000t\000\040\000o\000p\000e\000r\000a\000t\000o\000r\000\040\000\050\000d\000e\000e\000p\000\040\000c\000o\000p\000y\000\051}{section.14.3}% 259
\BOOKMARK [2][-]{subsection.14.3.2}{\376\377\000E\000x\000a\000m\000p\000l\000e}{section.14.3}% 260
\BOOKMARK [1][-]{section.14.4}{\376\377\000O\000v\000e\000r\000l\000o\000a\000d\000i\000n\000g\000\040\000t\000h\000e\000\040\000m\000o\000v\000e\000\040\000a\000s\000s\000i\000g\000n\000m\000e\000n\000t\000\040\000o\000p\000e\000r\000a\000t\000o\000r}{chapter.14}% 261
\BOOKMARK [2][-]{subsection.14.4.1}{\376\377\000O\000v\000e\000r\000l\000o\000a\000d\000i\000n\000g\000\040\000t\000h\000e\000\040\000m\000o\000v\000e\000\040\000a\000s\000s\000i\000g\000n\000m\000e\000n\000t\000\040\000o\000p\000e\000r\000a\000t\000o\000r}{section.14.4}% 262
\BOOKMARK [2][-]{subsection.14.4.2}{\376\377\000O\000v\000e\000r\000l\000o\000a\000d\000i\000n\000g\000\040\000t\000h\000e\000\040\000m\000o\000v\000e\000\040\000a\000s\000s\000i\000g\000n\000m\000e\000n\000t\000\040\000o\000p\000e\000r\000a\000t\000o\000r\000\040\000-\000\040\000s\000t\000e\000p\000s}{section.14.4}% 263
\BOOKMARK [2][-]{subsection.14.4.3}{\376\377\000E\000x\000a\000m\000p\000l\000e}{section.14.4}% 264
\BOOKMARK [1][-]{section.14.5}{\376\377\000O\000v\000e\000r\000l\000o\000a\000d\000i\000n\000g\000\040\000o\000p\000e\000r\000a\000t\000o\000r\000s\000\040\000a\000s\000\040\000m\000e\000m\000b\000e\000r\000\040\000f\000u\000n\000c\000t\000i\000o\000n\000s}{chapter.14}% 265
\BOOKMARK [2][-]{subsection.14.5.1}{\376\377\000U\000n\000a\000r\000y\000\040\000o\000p\000e\000r\000a\000n\000d\000s}{section.14.5}% 266
\BOOKMARK [2][-]{subsection.14.5.2}{\376\377\000B\000i\000n\000a\000r\000y\000\040\000o\000p\000e\000r\000a\000t\000o\000r\000s\000\040\000a\000s\000\040\000m\000e\000m\000b\000e\000r\000\040\000m\000e\000t\000h\000o\000d\000s}{section.14.5}% 267
\BOOKMARK [2][-]{subsection.14.5.3}{\376\377\000T\000h\000e\000\040\000c\000o\000m\000p\000l\000e\000t\000e\000\040\000c\000o\000d\000e\000\040\000w\000o\000u\000l\000d\000\040\000l\000o\000o\000k\000\040\000l\000i\000k\000e\000\040\000t\000h\000i\000s}{section.14.5}% 268
\BOOKMARK [1][-]{section.14.6}{\376\377\000O\000v\000e\000r\000l\000o\000a\000d\000i\000n\000g\000\040\000o\000p\000e\000r\000a\000t\000o\000r\000s\000\040\000a\000s\000\040\000G\000l\000o\000b\000a\000l\000\040\000f\000u\000n\000c\000t\000i\000o\000n\000s}{chapter.14}% 269
\BOOKMARK [2][-]{subsection.14.6.1}{\376\377\000B\000i\000n\000a\000r\000y\000\040\000o\000p\000e\000r\000a\000t\000o\000r\000s\000\040\000a\000s\000\040\000g\000l\000o\000b\000a\000l\000\040\000f\000u\000n\000c\000t\000i\000o\000n\000s}{section.14.6}% 270
\BOOKMARK [2][-]{subsection.14.6.2}{\376\377\000D\000e\000c\000l\000a\000r\000i\000n\000g\000\040\000f\000r\000i\000e\000n\000d\000s\000\040\000o\000f\000\040\000a\000\040\000c\000l\000a\000s\000s}{section.14.6}% 271
\BOOKMARK [2][-]{subsection.14.6.3}{\376\377\000E\000x\000a\000m\000p\000l\000e}{section.14.6}% 272
\BOOKMARK [1][-]{section.14.7}{\376\377\000O\000v\000e\000r\000l\000o\000a\000d\000i\000n\000g\000\040\000t\000h\000e\000\040\000s\000t\000r\000e\000a\000m\000\040\000i\000n\000s\000e\000r\000t\000i\000o\000n\000\040\000a\000n\000d\000\040\000e\000x\000t\000r\000a\000c\000t\000i\000o\000n\000\040\000o\000p\000e\000r\000a\000t\000o\000r\000s}{chapter.14}% 273
\BOOKMARK [0][-]{chapter.15}{\376\377\000I\000n\000h\000e\000r\000i\000t\000a\000n\000c\000e}{}% 274
\BOOKMARK [1][-]{section.15.1}{\376\377\000O\000v\000e\000r\000v\000i\000e\000w}{chapter.15}% 275
\BOOKMARK [1][-]{section.15.2}{\376\377\000W\000h\000a\000t\000\040\000i\000s\000\040\000i\000n\000h\000e\000r\000i\000t\000a\000n\000c\000e\000?}{chapter.15}% 276
\BOOKMARK [1][-]{section.15.3}{\376\377\000T\000e\000r\000m\000i\000n\000o\000l\000o\000g\000y\000\040\000a\000n\000d\000\040\000n\000o\000t\000a\000t\000i\000o\000n}{chapter.15}% 277
\BOOKMARK [2][-]{subsection.15.3.1}{\376\377\000T\000e\000r\000m\000i\000n\000o\000l\000o\000g\000y}{section.15.3}% 278
\BOOKMARK [2][-]{subsection.15.3.2}{\376\377\000I\000n\000h\000e\000r\000t\000i\000a\000n\000c\000e}{section.15.3}% 279
\BOOKMARK [1][-]{section.15.4}{\376\377\000I\000n\000h\000e\000r\000i\000t\000a\000n\000c\000e\000\040\000v\000s\000\040\000c\000o\000m\000p\000o\000s\000i\000t\000i\000o\000n}{chapter.15}% 280
\BOOKMARK [2][-]{subsection.15.4.1}{\376\377\000E\000x\000a\000m\000p\000l\000e}{section.15.4}% 281
\BOOKMARK [1][-]{section.15.5}{\376\377\000D\000e\000r\000i\000v\000i\000n\000g\000\040\000c\000l\000a\000s\000s\000e\000s\000\040\000f\000r\000o\000m\000\040\000e\000x\000i\000s\000t\000i\000n\000g\000\040\000c\000l\000a\000s\000s\000e\000s}{chapter.15}% 282
\BOOKMARK [1][-]{section.15.6}{\376\377\000P\000r\000o\000t\000e\000c\000t\000e\000d\000\040\000e\000m\000e\000r\000s\000\040\000a\000n\000d\000\040\000c\000l\000a\000s\000s\000\040\000a\000c\000c\000e\000s\000s}{chapter.15}% 283
\BOOKMARK [2][-]{subsection.15.6.1}{\376\377\000P\000u\000b\000l\000i\000c\000\040\000i\000n\000h\000e\000r\000i\000t\000a\000n\000c\000e}{section.15.6}% 284
\BOOKMARK [2][-]{subsection.15.6.2}{\376\377\000P\000r\000o\000t\000e\000c\000t\000e\000d\000\040\000i\000n\000h\000e\000r\000i\000t\000a\000n\000c\000e}{section.15.6}% 285
\BOOKMARK [2][-]{subsection.15.6.3}{\376\377\000P\000r\000i\000v\000a\000t\000e\000\040\000i\000n\000h\000e\000r\000i\000t\000a\000n\000c\000e}{section.15.6}% 286
\BOOKMARK [2][-]{subsection.15.6.4}{\376\377\000F\000r\000i\000e\000n\000d\000s\000\040\000o\000f\000\040\000b\000a\000s\000e\000\040\000c\000l\000a\000s\000s\000e\000s}{section.15.6}% 287
\BOOKMARK [2][-]{subsection.15.6.5}{\376\377\000E\000x\000a\000m\000p\000l\000e}{section.15.6}% 288
\BOOKMARK [1][-]{section.15.7}{\376\377\000C\000o\000n\000s\000t\000r\000u\000c\000t\000o\000r\000s\000\040\000a\000n\000d\000\040\000d\000e\000s\000t\000r\000u\000c\000t\000o\000r\000s}{chapter.15}% 289
\BOOKMARK [1][-]{section.15.8}{\376\377\000P\000a\000s\000s\000i\000n\000g\000\040\000a\000r\000g\000u\000m\000e\000n\000t\000s\000\040\000t\000o\000\040\000t\000h\000e\000\040\000b\000a\000s\000e\000\040\000c\000l\000a\000s\000s\000\040\000c\000o\000n\000s\000t\000r\000u\000c\000t\000o\000r\000s}{chapter.15}% 290
\BOOKMARK [1][-]{section.15.9}{\376\377\000C\000o\000p\000y\000/\000m\000o\000v\000e\000\040\000c\000o\000n\000s\000t\000r\000u\000c\000t\000o\000r\000s\000\040\000a\000n\000d\000\040\000o\000p\000e\000r\000a\000t\000o\000r\000=\000\040\000w\000i\000t\000h\000\040\000d\000e\000r\000i\000v\000e\000d\000\040\000c\000l\000a\000s\000s\000e\000s}{chapter.15}% 291
\BOOKMARK [1][-]{section.15.10}{\376\377\000R\000e\000d\000e\000f\000i\000n\000i\000n\000g\000\040\000b\000a\000s\000e\000\040\000c\000l\000a\000s\000s\000\040\000m\000e\000t\000h\000o\000d\000s}{chapter.15}% 292
\BOOKMARK [2][-]{subsection.15.10.1}{\376\377\000S\000t\000a\000t\000i\000c\000\040\000b\000i\000n\000d\000i\000n\000g\000\040\000o\000f\000\040\000m\000e\000t\000h\000o\000d\000\040\000c\000a\000l\000l\000s}{section.15.10}% 293
\BOOKMARK [1][-]{section.15.11}{\376\377\000M\000u\000l\000t\000i\000p\000l\000e\000\040\000i\000n\000h\000e\000r\000i\000t\000a\000n\000c\000e}{chapter.15}% 294
\BOOKMARK [1][-]{section.15.12}{\376\377\000S\000e\000c\000t\000i\000o\000n\000\040\000c\000h\000a\000l\000l\000e\000n\000g\000e}{chapter.15}% 295
\BOOKMARK [0][-]{chapter.16}{\376\377\000P\000o\000l\000y\000m\000o\000r\000p\000h\000i\000s\000m}{}% 296
\BOOKMARK [1][-]{section.16.1}{\376\377\000W\000h\000a\000t\000\040\000i\000s\000\040\000p\000o\000l\000y\000m\000o\000r\000p\000h\000i\000s\000m\000?}{chapter.16}% 297
\BOOKMARK [2][-]{subsection.16.1.1}{\376\377\000T\000y\000p\000e\000s\000\040\000o\000f\000\040\000p\000o\000l\000y\000m\000o\000r\000p\000h\000i\000s\000m}{section.16.1}% 298
\BOOKMARK [1][-]{section.16.2}{\376\377\000P\000o\000l\000y\000m\000o\000r\000p\000h\000i\000s\000m}{chapter.16}% 299
\BOOKMARK [1][-]{section.16.3}{\376\377\000V\000i\000r\000t\000u\000a\000l\000\040\000f\000u\000n\000c\000t\000i\000o\000n\000s}{chapter.16}% 300
\BOOKMARK [2][-]{subsection.16.3.1}{\376\377\000D\000e\000c\000l\000a\000r\000i\000n\000g\000\040\000v\000i\000r\000t\000u\000a\000l\000\040\000f\000u\000n\000c\000t\000i\000o\000n\000s}{section.16.3}% 301
\BOOKMARK [2][-]{subsection.16.3.2}{\376\377\000E\000x\000a\000m\000p\000l\000e}{section.16.3}% 302
\BOOKMARK [1][-]{section.16.4}{\376\377\000V\000i\000r\000t\000u\000a\000l\000\040\000d\000e\000s\000t\000r\000u\000c\000t\000o\000r\000s}{chapter.16}% 303
\BOOKMARK [1][-]{section.16.5}{\376\377\000U\000s\000i\000n\000g\000\040\000t\000h\000e\000\040\000o\000v\000e\000r\000r\000i\000d\000e\000\040\000s\000p\000e\000c\000i\000f\000i\000e\000r}{chapter.16}% 304
\BOOKMARK [1][-]{section.16.6}{\376\377\000U\000s\000i\000n\000g\000\040\000t\000h\000e\000\040\000f\000i\000n\000a\000l\000\040\000s\000p\000e\000c\000i\000f\000i\000e\000r}{chapter.16}% 305
\BOOKMARK [1][-]{section.16.7}{\376\377\000U\000s\000i\000n\000g\000\040\000b\000a\000s\000e\000\040\000c\000l\000a\000s\000s\000\040\000r\000e\000f\000e\000r\000e\000n\000c\000e\000s}{chapter.16}% 306
\BOOKMARK [1][-]{section.16.8}{\376\377\000P\000u\000r\000e\000\040\000v\000i\000r\000t\000u\000a\000l\000\040\000f\000u\000n\000c\000t\000i\000o\000n\000s\000\040\000a\000n\000d\000\040\000a\000b\000s\000t\000r\000a\000c\000t\000\040\000c\000l\000a\000s\000s\000e\000s}{chapter.16}% 307
\BOOKMARK [2][-]{subsection.16.8.1}{\376\377\000P\000o\000l\000y\000m\000o\000r\000p\000h\000i\000s\000m}{section.16.8}% 308
\BOOKMARK [1][-]{section.16.9}{\376\377\000P\000o\000l\000y\000m\000o\000r\000p\000h\000i\000s\000m}{chapter.16}% 309
